// Jest Snapshot v1, https://goo.gl/fbAQLP

exports[`should render BooksListFilters properly 1`] = `
ShallowWrapper {
  "length": 1,
}
`;
